Archive member included because of file (symbol)

c:/program files/atmel/avr studio 5.0/avr toolchain/bin/../lib/gcc/avr/4.5.1/avr5\libgcc.a(_udivmodsi4.o)
                              main.o (__udivmodsi4)
c:/program files/atmel/avr studio 5.0/avr toolchain/bin/../lib/gcc/avr/4.5.1/avr5\libgcc.a(_exit.o)
                              c:/program files/atmel/avr studio 5.0/avr toolchain/bin/../lib/gcc/avr/4.5.1/../../../../avr/lib/avr5/crtm644p.o (exit)
c:/program files/atmel/avr studio 5.0/avr toolchain/bin/../lib/gcc/avr/4.5.1/avr5\libgcc.a(_copy_data.o)
                              main.o (__do_copy_data)
c:/program files/atmel/avr studio 5.0/avr toolchain/bin/../lib/gcc/avr/4.5.1/avr5\libgcc.a(_fixunssfsi.o)
                              ds18b20.o (__fixunssfsi)
c:/program files/atmel/avr studio 5.0/avr toolchain/bin/../lib/gcc/avr/4.5.1/avr5\libgcc.a(_addsub_sf.o)
                              ds18b20.o (__addsf3)
c:/program files/atmel/avr studio 5.0/avr toolchain/bin/../lib/gcc/avr/4.5.1/avr5\libgcc.a(_mul_sf.o)
                              ds18b20.o (__mulsf3)
c:/program files/atmel/avr studio 5.0/avr toolchain/bin/../lib/gcc/avr/4.5.1/avr5\libgcc.a(_ge_sf.o)
                              c:/program files/atmel/avr studio 5.0/avr toolchain/bin/../lib/gcc/avr/4.5.1/avr5\libgcc.a(_fixunssfsi.o) (__gesf2)
c:/program files/atmel/avr studio 5.0/avr toolchain/bin/../lib/gcc/avr/4.5.1/avr5\libgcc.a(_sf_to_si.o)
                              c:/program files/atmel/avr studio 5.0/avr toolchain/bin/../lib/gcc/avr/4.5.1/avr5\libgcc.a(_fixunssfsi.o) (__fixsfsi)
c:/program files/atmel/avr studio 5.0/avr toolchain/bin/../lib/gcc/avr/4.5.1/avr5\libgcc.a(_thenan_sf.o)
                              c:/program files/atmel/avr studio 5.0/avr toolchain/bin/../lib/gcc/avr/4.5.1/avr5\libgcc.a(_addsub_sf.o) (__thenan_sf)
c:/program files/atmel/avr studio 5.0/avr toolchain/bin/../lib/gcc/avr/4.5.1/avr5\libgcc.a(_usi_to_sf.o)
                              ds18b20.o (__floatunsisf)
c:/program files/atmel/avr studio 5.0/avr toolchain/bin/../lib/gcc/avr/4.5.1/avr5\libgcc.a(_prologue.o)
                              c:/program files/atmel/avr studio 5.0/avr toolchain/bin/../lib/gcc/avr/4.5.1/avr5\libgcc.a(_addsub_sf.o) (__prologue_saves__)
c:/program files/atmel/avr studio 5.0/avr toolchain/bin/../lib/gcc/avr/4.5.1/avr5\libgcc.a(_epilogue.o)
                              c:/program files/atmel/avr studio 5.0/avr toolchain/bin/../lib/gcc/avr/4.5.1/avr5\libgcc.a(_addsub_sf.o) (__epilogue_restores__)
c:/program files/atmel/avr studio 5.0/avr toolchain/bin/../lib/gcc/avr/4.5.1/avr5\libgcc.a(_clzsi2.o)
                              c:/program files/atmel/avr studio 5.0/avr toolchain/bin/../lib/gcc/avr/4.5.1/avr5\libgcc.a(_usi_to_sf.o) (__clzsi2)
c:/program files/atmel/avr studio 5.0/avr toolchain/bin/../lib/gcc/avr/4.5.1/avr5\libgcc.a(_pack_sf.o)
                              c:/program files/atmel/avr studio 5.0/avr toolchain/bin/../lib/gcc/avr/4.5.1/avr5\libgcc.a(_addsub_sf.o) (__pack_f)
c:/program files/atmel/avr studio 5.0/avr toolchain/bin/../lib/gcc/avr/4.5.1/avr5\libgcc.a(_unpack_sf.o)
                              c:/program files/atmel/avr studio 5.0/avr toolchain/bin/../lib/gcc/avr/4.5.1/avr5\libgcc.a(_addsub_sf.o) (__unpack_f)
c:/program files/atmel/avr studio 5.0/avr toolchain/bin/../lib/gcc/avr/4.5.1/avr5\libgcc.a(_fpcmp_parts_sf.o)
                              c:/program files/atmel/avr studio 5.0/avr toolchain/bin/../lib/gcc/avr/4.5.1/avr5\libgcc.a(_ge_sf.o) (__fpcmp_parts_f)
c:/program files/atmel/avr studio 5.0/avr toolchain/bin/../lib/gcc/avr/4.5.1/avr5\libgcc.a(_clz.o)
                              c:/program files/atmel/avr studio 5.0/avr toolchain/bin/../lib/gcc/avr/4.5.1/avr5\libgcc.a(_clzsi2.o) (__clz_tab)
c:/program files/atmel/avr studio 5.0/avr toolchain/bin/../lib/gcc/avr/4.5.1/../../../../avr/lib/avr5\libc.a(iob.o)
                              main.o (__iob)
c:/program files/atmel/avr studio 5.0/avr toolchain/bin/../lib/gcc/avr/4.5.1/../../../../avr/lib/avr5\libc.a(printf.o)
                              main.o (printf)
c:/program files/atmel/avr studio 5.0/avr toolchain/bin/../lib/gcc/avr/4.5.1/../../../../avr/lib/avr5\libc.a(vfprintf_std.o)
                              c:/program files/atmel/avr studio 5.0/avr toolchain/bin/../lib/gcc/avr/4.5.1/../../../../avr/lib/avr5\libc.a(printf.o) (vfprintf)
c:/program files/atmel/avr studio 5.0/avr toolchain/bin/../lib/gcc/avr/4.5.1/../../../../avr/lib/avr5\libc.a(strnlen_P.o)
                              c:/program files/atmel/avr studio 5.0/avr toolchain/bin/../lib/gcc/avr/4.5.1/../../../../avr/lib/avr5\libc.a(vfprintf_std.o) (strnlen_P)
c:/program files/atmel/avr studio 5.0/avr toolchain/bin/../lib/gcc/avr/4.5.1/../../../../avr/lib/avr5\libc.a(strnlen.o)
                              c:/program files/atmel/avr studio 5.0/avr toolchain/bin/../lib/gcc/avr/4.5.1/../../../../avr/lib/avr5\libc.a(vfprintf_std.o) (strnlen)
c:/program files/atmel/avr studio 5.0/avr toolchain/bin/../lib/gcc/avr/4.5.1/../../../../avr/lib/avr5\libc.a(fputc.o)
                              c:/program files/atmel/avr studio 5.0/avr toolchain/bin/../lib/gcc/avr/4.5.1/../../../../avr/lib/avr5\libc.a(vfprintf_std.o) (fputc)
c:/program files/atmel/avr studio 5.0/avr toolchain/bin/../lib/gcc/avr/4.5.1/../../../../avr/lib/avr5\libc.a(ultoa_invert.o)
                              c:/program files/atmel/avr studio 5.0/avr toolchain/bin/../lib/gcc/avr/4.5.1/../../../../avr/lib/avr5\libc.a(vfprintf_std.o) (__ultoa_invert)
c:/program files/atmel/avr studio 5.0/avr toolchain/bin/../lib/gcc/avr/4.5.1/avr5\libgcc.a(_clear_bss.o)
                              c:/program files/atmel/avr studio 5.0/avr toolchain/bin/../lib/gcc/avr/4.5.1/../../../../avr/lib/avr5\libc.a(iob.o) (__do_clear_bss)

Allocating common symbols
Common symbol       size              file

__iob               0x6               c:/program files/atmel/avr studio 5.0/avr toolchain/bin/../lib/gcc/avr/4.5.1/../../../../avr/lib/avr5\libc.a(iob.o)

Memory Configuration

Name             Origin             Length             Attributes
text             0x00000000         0x00020000         xr
data             0x00800060         0x0000ffa0         rw !x
eeprom           0x00810000         0x00010000         rw !x
fuse             0x00820000         0x00000400         rw !x
lock             0x00830000         0x00000400         rw !x
signature        0x00840000         0x00000400         rw !x
*default*        0x00000000         0xffffffff

Linker script and memory map

Address of section .data set to 0x800100
LOAD c:/program files/atmel/avr studio 5.0/avr toolchain/bin/../lib/gcc/avr/4.5.1/../../../../avr/lib/avr5/crtm644p.o
LOAD ds18b20.o
LOAD main.o
LOAD c:/program files/atmel/avr studio 5.0/avr toolchain/bin/../lib/gcc/avr/4.5.1/avr5\libgcc.a
LOAD c:/program files/atmel/avr studio 5.0/avr toolchain/bin/../lib/gcc/avr/4.5.1/../../../../avr/lib/avr5\libc.a
LOAD c:/program files/atmel/avr studio 5.0/avr toolchain/bin/../lib/gcc/avr/4.5.1/avr5\libgcc.a

.hash
 *(.hash)

.dynsym
 *(.dynsym)

.dynstr
 *(.dynstr)

.gnu.version
 *(.gnu.version)

.gnu.version_d
 *(.gnu.version_d)

.gnu.version_r
 *(.gnu.version_r)

.rel.init
 *(.rel.init)

.rela.init
 *(.rela.init)

.rel.text
 *(.rel.text)
 *(.rel.text.*)
 *(.rel.gnu.linkonce.t*)

.rela.text
 *(.rela.text)
 *(.rela.text.*)
 *(.rela.gnu.linkonce.t*)

.rel.fini
 *(.rel.fini)

.rela.fini
 *(.rela.fini)

.rel.rodata
 *(.rel.rodata)
 *(.rel.rodata.*)
 *(.rel.gnu.linkonce.r*)

.rela.rodata
 *(.rela.rodata)
 *(.rela.rodata.*)
 *(.rela.gnu.linkonce.r*)

.rel.data
 *(.rel.data)
 *(.rel.data.*)
 *(.rel.gnu.linkonce.d*)

.rela.data
 *(.rela.data)
 *(.rela.data.*)
 *(.rela.gnu.linkonce.d*)

.rel.ctors
 *(.rel.ctors)

.rela.ctors
 *(.rela.ctors)

.rel.dtors
 *(.rel.dtors)

.rela.dtors
 *(.rela.dtors)

.rel.got
 *(.rel.got)

.rela.got
 *(.rela.got)

.rel.bss
 *(.rel.bss)

.rela.bss
 *(.rela.bss)

.rel.plt
 *(.rel.plt)

.rela.plt
 *(.rela.plt)

.text           0x00000000     0x13b6
 *(.vectors)
 .vectors       0x00000000       0x7c c:/program files/atmel/avr studio 5.0/avr toolchain/bin/../lib/gcc/avr/4.5.1/../../../../avr/lib/avr5/crtm644p.o
                0x00000000                __vector_default
                0x00000000                __vectors
 *(.vectors)
 *(.progmem.gcc*)
 *(.progmem*)
                0x0000007c                . = ALIGN (0x2)
                0x0000007c                __trampolines_start = .
 *(.trampolines)
 .trampolines   0x0000007c        0x0 linker stubs
 *(.trampolines*)
                0x0000007c                __trampolines_end = .
 *(.jumptables)
 *(.jumptables*)
 *(.lowtext)
 *(.lowtext*)
                0x0000007c                __ctors_start = .
 *(.ctors)
                0x0000007c                __ctors_end = .
                0x0000007c                __dtors_start = .
 *(.dtors)
                0x0000007c                __dtors_end = .
 SORT(*)(.ctors)
 SORT(*)(.dtors)
 *(.init0)
 .init0         0x0000007c        0x0 c:/program files/atmel/avr studio 5.0/avr toolchain/bin/../lib/gcc/avr/4.5.1/../../../../avr/lib/avr5/crtm644p.o
                0x0000007c                __init
 *(.init0)
 *(.init1)
 *(.init1)
 *(.init2)
 .init2         0x0000007c        0xc c:/program files/atmel/avr studio 5.0/avr toolchain/bin/../lib/gcc/avr/4.5.1/../../../../avr/lib/avr5/crtm644p.o
 *(.init2)
 *(.init3)
 *(.init3)
 *(.init4)
 .init4         0x00000088       0x16 c:/program files/atmel/avr studio 5.0/avr toolchain/bin/../lib/gcc/avr/4.5.1/avr5\libgcc.a(_copy_data.o)
                0x00000088                __do_copy_data
 .init4         0x0000009e       0x10 c:/program files/atmel/avr studio 5.0/avr toolchain/bin/../lib/gcc/avr/4.5.1/avr5\libgcc.a(_clear_bss.o)
                0x0000009e                __do_clear_bss
 *(.init4)
 *(.init5)
 *(.init5)
 *(.init6)
 *(.init6)
 *(.init7)
 *(.init7)
 *(.init8)
 *(.init8)
 *(.init9)
 .init9         0x000000ae        0x8 c:/program files/atmel/avr studio 5.0/avr toolchain/bin/../lib/gcc/avr/4.5.1/../../../../avr/lib/avr5/crtm644p.o
 *(.init9)
 *(.text)
 .text          0x000000b6        0x4 c:/program files/atmel/avr studio 5.0/avr toolchain/bin/../lib/gcc/avr/4.5.1/../../../../avr/lib/avr5/crtm644p.o
                0x000000b6                __vector_22
                0x000000b6                __vector_28
                0x000000b6                __vector_1
                0x000000b6                __vector_24
                0x000000b6                __vector_12
                0x000000b6                __bad_interrupt
                0x000000b6                __vector_6
                0x000000b6                __vector_3
                0x000000b6                __vector_23
                0x000000b6                __vector_30
                0x000000b6                __vector_25
                0x000000b6                __vector_11
                0x000000b6                __vector_13
                0x000000b6                __vector_17
                0x000000b6                __vector_19
                0x000000b6                __vector_7
                0x000000b6                __vector_27
                0x000000b6                __vector_5
                0x000000b6                __vector_4
                0x000000b6                __vector_9
                0x000000b6                __vector_2
                0x000000b6                __vector_21
                0x000000b6                __vector_15
                0x000000b6                __vector_29
                0x000000b6                __vector_8
                0x000000b6                __vector_26
                0x000000b6                __vector_14
                0x000000b6                __vector_10
                0x000000b6                __vector_16
                0x000000b6                __vector_18
                0x000000b6                __vector_20
 .text          0x000000ba       0xea ds18b20.o
                0x0000012a                ds18b20_get_temp
 .text          0x000001a4       0xc0 main.o
                0x000001a4                avr_uart_putchar
                0x000001b6                avr_uart_init
                0x000001e8                main
 .text          0x00000264        0x0 c:/program files/atmel/avr studio 5.0/avr toolchain/bin/../lib/gcc/avr/4.5.1/avr5\libgcc.a(_udivmodsi4.o)
 .text          0x00000264        0x0 c:/program files/atmel/avr studio 5.0/avr toolchain/bin/../lib/gcc/avr/4.5.1/avr5\libgcc.a(_exit.o)
 .text          0x00000264        0x0 c:/program files/atmel/avr studio 5.0/avr toolchain/bin/../lib/gcc/avr/4.5.1/avr5\libgcc.a(_copy_data.o)
 .text          0x00000264       0x58 c:/program files/atmel/avr studio 5.0/avr toolchain/bin/../lib/gcc/avr/4.5.1/avr5\libgcc.a(_fixunssfsi.o)
                0x00000264                __fixunssfsi
 .text          0x000002bc      0x350 c:/program files/atmel/avr studio 5.0/avr toolchain/bin/../lib/gcc/avr/4.5.1/avr5\libgcc.a(_addsub_sf.o)
                0x00000550                __addsf3
                0x000005aa                __subsf3
 .text          0x0000060c      0x1f4 c:/program files/atmel/avr studio 5.0/avr toolchain/bin/../lib/gcc/avr/4.5.1/avr5\libgcc.a(_mul_sf.o)
                0x0000060c                __mulsf3
 .text          0x00000800       0x60 c:/program files/atmel/avr studio 5.0/avr toolchain/bin/../lib/gcc/avr/4.5.1/avr5\libgcc.a(_ge_sf.o)
                0x00000800                __gesf2
 .text          0x00000860       0xa4 c:/program files/atmel/avr studio 5.0/avr toolchain/bin/../lib/gcc/avr/4.5.1/avr5\libgcc.a(_sf_to_si.o)
                0x00000860                __fixsfsi
 .text          0x00000904        0x0 c:/program files/atmel/avr studio 5.0/avr toolchain/bin/../lib/gcc/avr/4.5.1/avr5\libgcc.a(_thenan_sf.o)
 .text          0x00000904       0xf0 c:/program files/atmel/avr studio 5.0/avr toolchain/bin/../lib/gcc/avr/4.5.1/avr5\libgcc.a(_usi_to_sf.o)
                0x00000904                __floatunsisf
 .text          0x000009f4        0x0 c:/program files/atmel/avr studio 5.0/avr toolchain/bin/../lib/gcc/avr/4.5.1/avr5\libgcc.a(_prologue.o)
 .text          0x000009f4        0x0 c:/program files/atmel/avr studio 5.0/avr toolchain/bin/../lib/gcc/avr/4.5.1/avr5\libgcc.a(_epilogue.o)
 .text          0x000009f4       0xb4 c:/program files/atmel/avr studio 5.0/avr toolchain/bin/../lib/gcc/avr/4.5.1/avr5\libgcc.a(_clzsi2.o)
                0x000009f4                __clzsi2
 .text          0x00000aa8      0x19c c:/program files/atmel/avr studio 5.0/avr toolchain/bin/../lib/gcc/avr/4.5.1/avr5\libgcc.a(_pack_sf.o)
                0x00000aa8                __pack_f
 .text          0x00000c44       0xd2 c:/program files/atmel/avr studio 5.0/avr toolchain/bin/../lib/gcc/avr/4.5.1/avr5\libgcc.a(_unpack_sf.o)
                0x00000c44                __unpack_f
 .text          0x00000d16       0xb2 c:/program files/atmel/avr studio 5.0/avr toolchain/bin/../lib/gcc/avr/4.5.1/avr5\libgcc.a(_fpcmp_parts_sf.o)
                0x00000d16                __fpcmp_parts_f
 .text          0x00000dc8        0x0 c:/program files/atmel/avr studio 5.0/avr toolchain/bin/../lib/gcc/avr/4.5.1/avr5\libgcc.a(_clz.o)
 .text          0x00000dc8        0x0 c:/program files/atmel/avr studio 5.0/avr toolchain/bin/../lib/gcc/avr/4.5.1/../../../../avr/lib/avr5\libc.a(iob.o)
 .text          0x00000dc8        0x0 c:/program files/atmel/avr studio 5.0/avr toolchain/bin/../lib/gcc/avr/4.5.1/../../../../avr/lib/avr5\libc.a(printf.o)
 .text          0x00000dc8        0x0 c:/program files/atmel/avr studio 5.0/avr toolchain/bin/../lib/gcc/avr/4.5.1/../../../../avr/lib/avr5\libc.a(vfprintf_std.o)
 .text          0x00000dc8        0x0 c:/program files/atmel/avr studio 5.0/avr toolchain/bin/../lib/gcc/avr/4.5.1/../../../../avr/lib/avr5\libc.a(strnlen_P.o)
 .text          0x00000dc8        0x0 c:/program files/atmel/avr studio 5.0/avr toolchain/bin/../lib/gcc/avr/4.5.1/../../../../avr/lib/avr5\libc.a(strnlen.o)
 .text          0x00000dc8        0x0 c:/program files/atmel/avr studio 5.0/avr toolchain/bin/../lib/gcc/avr/4.5.1/../../../../avr/lib/avr5\libc.a(fputc.o)
 .text          0x00000dc8        0x0 c:/program files/atmel/avr studio 5.0/avr toolchain/bin/../lib/gcc/avr/4.5.1/../../../../avr/lib/avr5\libc.a(ultoa_invert.o)
 .text          0x00000dc8        0x0 c:/program files/atmel/avr studio 5.0/avr toolchain/bin/../lib/gcc/avr/4.5.1/avr5\libgcc.a(_clear_bss.o)
                0x00000dc8                . = ALIGN (0x2)
 *(.text.*)
 .text.libgcc   0x00000dc8       0x44 c:/program files/atmel/avr studio 5.0/avr toolchain/bin/../lib/gcc/avr/4.5.1/avr5\libgcc.a(_udivmodsi4.o)
                0x00000dc8                __udivmodsi4
 .text.libgcc   0x00000e0c        0x0 c:/program files/atmel/avr studio 5.0/avr toolchain/bin/../lib/gcc/avr/4.5.1/avr5\libgcc.a(_exit.o)
 .text.libgcc   0x00000e0c        0x0 c:/program files/atmel/avr studio 5.0/avr toolchain/bin/../lib/gcc/avr/4.5.1/avr5\libgcc.a(_copy_data.o)
 .text.libgcc   0x00000e0c       0x38 c:/program files/atmel/avr studio 5.0/avr toolchain/bin/../lib/gcc/avr/4.5.1/avr5\libgcc.a(_prologue.o)
                0x00000e0c                __prologue_saves__
 .text.libgcc   0x00000e44       0x36 c:/program files/atmel/avr studio 5.0/avr toolchain/bin/../lib/gcc/avr/4.5.1/avr5\libgcc.a(_epilogue.o)
                0x00000e44                __epilogue_restores__
 .text.avr-libc
                0x00000e7a       0x2a c:/program files/atmel/avr studio 5.0/avr toolchain/bin/../lib/gcc/avr/4.5.1/../../../../avr/lib/avr5\libc.a(printf.o)
                0x00000e7a                printf
 .text.avr-libc
                0x00000ea4      0x3ce c:/program files/atmel/avr studio 5.0/avr toolchain/bin/../lib/gcc/avr/4.5.1/../../../../avr/lib/avr5\libc.a(vfprintf_std.o)
                0x00000ea4                vfprintf
 .text.avr-libc
                0x00001272       0x16 c:/program files/atmel/avr studio 5.0/avr toolchain/bin/../lib/gcc/avr/4.5.1/../../../../avr/lib/avr5\libc.a(strnlen_P.o)
                0x00001272                strnlen_P
 .text.avr-libc
                0x00001288       0x16 c:/program files/atmel/avr studio 5.0/avr toolchain/bin/../lib/gcc/avr/4.5.1/../../../../avr/lib/avr5\libc.a(strnlen.o)
                0x00001288                strnlen
 .text.avr-libc
                0x0000129e       0x58 c:/program files/atmel/avr studio 5.0/avr toolchain/bin/../lib/gcc/avr/4.5.1/../../../../avr/lib/avr5\libc.a(fputc.o)
                0x0000129e                fputc
 .text.avr-libc
                0x000012f6       0xbc c:/program files/atmel/avr studio 5.0/avr toolchain/bin/../lib/gcc/avr/4.5.1/../../../../avr/lib/avr5\libc.a(ultoa_invert.o)
                0x000012f6                __ultoa_invert
 .text.libgcc   0x000013b2        0x0 c:/program files/atmel/avr studio 5.0/avr toolchain/bin/../lib/gcc/avr/4.5.1/avr5\libgcc.a(_clear_bss.o)
                0x000013b2                . = ALIGN (0x2)
 *(.fini9)
 .fini9         0x000013b2        0x0 c:/program files/atmel/avr studio 5.0/avr toolchain/bin/../lib/gcc/avr/4.5.1/avr5\libgcc.a(_exit.o)
                0x000013b2                _exit
                0x000013b2                exit
 *(.fini9)
 *(.fini8)
 *(.fini8)
 *(.fini7)
 *(.fini7)
 *(.fini6)
 *(.fini6)
 *(.fini5)
 *(.fini5)
 *(.fini4)
 *(.fini4)
 *(.fini3)
 *(.fini3)
 *(.fini2)
 *(.fini2)
 *(.fini1)
 *(.fini1)
 *(.fini0)
 .fini0         0x000013b2        0x4 c:/program files/atmel/avr studio 5.0/avr toolchain/bin/../lib/gcc/avr/4.5.1/avr5\libgcc.a(_exit.o)
 *(.fini0)
                0x000013b6                _etext = .

.data           0x00800100      0x11c load address 0x000013b6
                0x00800100                PROVIDE (__data_start, .)
 *(.data)
 .data          0x00800100        0x0 c:/program files/atmel/avr studio 5.0/avr toolchain/bin/../lib/gcc/avr/4.5.1/../../../../avr/lib/avr5/crtm644p.o
 .data          0x00800100        0x0 ds18b20.o
 .data          0x00800100       0x13 main.o
 .data          0x00800113        0x0 c:/program files/atmel/avr studio 5.0/avr toolchain/bin/../lib/gcc/avr/4.5.1/avr5\libgcc.a(_udivmodsi4.o)
 .data          0x00800113        0x0 c:/program files/atmel/avr studio 5.0/avr toolchain/bin/../lib/gcc/avr/4.5.1/avr5\libgcc.a(_exit.o)
 .data          0x00800113        0x0 c:/program files/atmel/avr studio 5.0/avr toolchain/bin/../lib/gcc/avr/4.5.1/avr5\libgcc.a(_copy_data.o)
 .data          0x00800113        0x0 c:/program files/atmel/avr studio 5.0/avr toolchain/bin/../lib/gcc/avr/4.5.1/avr5\libgcc.a(_fixunssfsi.o)
 .data          0x00800113        0x0 c:/program files/atmel/avr studio 5.0/avr toolchain/bin/../lib/gcc/avr/4.5.1/avr5\libgcc.a(_addsub_sf.o)
 .data          0x00800113        0x0 c:/program files/atmel/avr studio 5.0/avr toolchain/bin/../lib/gcc/avr/4.5.1/avr5\libgcc.a(_mul_sf.o)
 .data          0x00800113        0x0 c:/program files/atmel/avr studio 5.0/avr toolchain/bin/../lib/gcc/avr/4.5.1/avr5\libgcc.a(_ge_sf.o)
 .data          0x00800113        0x0 c:/program files/atmel/avr studio 5.0/avr toolchain/bin/../lib/gcc/avr/4.5.1/avr5\libgcc.a(_sf_to_si.o)
 .data          0x00800113        0x8 c:/program files/atmel/avr studio 5.0/avr toolchain/bin/../lib/gcc/avr/4.5.1/avr5\libgcc.a(_thenan_sf.o)
                0x00800113                __thenan_sf
 .data          0x0080011b        0x0 c:/program files/atmel/avr studio 5.0/avr toolchain/bin/../lib/gcc/avr/4.5.1/avr5\libgcc.a(_usi_to_sf.o)
 .data          0x0080011b        0x0 c:/program files/atmel/avr studio 5.0/avr toolchain/bin/../lib/gcc/avr/4.5.1/avr5\libgcc.a(_prologue.o)
 .data          0x0080011b        0x0 c:/program files/atmel/avr studio 5.0/avr toolchain/bin/../lib/gcc/avr/4.5.1/avr5\libgcc.a(_epilogue.o)
 .data          0x0080011b        0x0 c:/program files/atmel/avr studio 5.0/avr toolchain/bin/../lib/gcc/avr/4.5.1/avr5\libgcc.a(_clzsi2.o)
 .data          0x0080011b        0x0 c:/program files/atmel/avr studio 5.0/avr toolchain/bin/../lib/gcc/avr/4.5.1/avr5\libgcc.a(_pack_sf.o)
 .data          0x0080011b        0x0 c:/program files/atmel/avr studio 5.0/avr toolchain/bin/../lib/gcc/avr/4.5.1/avr5\libgcc.a(_unpack_sf.o)
 .data          0x0080011b        0x0 c:/program files/atmel/avr studio 5.0/avr toolchain/bin/../lib/gcc/avr/4.5.1/avr5\libgcc.a(_fpcmp_parts_sf.o)
 .data          0x0080011b      0x100 c:/program files/atmel/avr studio 5.0/avr toolchain/bin/../lib/gcc/avr/4.5.1/avr5\libgcc.a(_clz.o)
                0x0080011b                __clz_tab
 .data          0x0080021b        0x0 c:/program files/atmel/avr studio 5.0/avr toolchain/bin/../lib/gcc/avr/4.5.1/../../../../avr/lib/avr5\libc.a(iob.o)
 .data          0x0080021b        0x0 c:/program files/atmel/avr studio 5.0/avr toolchain/bin/../lib/gcc/avr/4.5.1/../../../../avr/lib/avr5\libc.a(printf.o)
 .data          0x0080021b        0x0 c:/program files/atmel/avr studio 5.0/avr toolchain/bin/../lib/gcc/avr/4.5.1/../../../../avr/lib/avr5\libc.a(vfprintf_std.o)
 .data          0x0080021b        0x0 c:/program files/atmel/avr studio 5.0/avr toolchain/bin/../lib/gcc/avr/4.5.1/../../../../avr/lib/avr5\libc.a(strnlen_P.o)
 .data          0x0080021b        0x0 c:/program files/atmel/avr studio 5.0/avr toolchain/bin/../lib/gcc/avr/4.5.1/../../../../avr/lib/avr5\libc.a(strnlen.o)
 .data          0x0080021b        0x0 c:/program files/atmel/avr studio 5.0/avr toolchain/bin/../lib/gcc/avr/4.5.1/../../../../avr/lib/avr5\libc.a(fputc.o)
 .data          0x0080021b        0x0 c:/program files/atmel/avr studio 5.0/avr toolchain/bin/../lib/gcc/avr/4.5.1/../../../../avr/lib/avr5\libc.a(ultoa_invert.o)
 .data          0x0080021b        0x0 c:/program files/atmel/avr studio 5.0/avr toolchain/bin/../lib/gcc/avr/4.5.1/avr5\libgcc.a(_clear_bss.o)
 *(.data*)
 *(.rodata)
 *(.rodata*)
 *(.gnu.linkonce.d*)
                0x0080021c                . = ALIGN (0x2)
 *fill*         0x0080021b        0x1 00
                0x0080021c                _edata = .
                0x0080021c                PROVIDE (__data_end, .)

.bss            0x0080021c        0x6
                0x0080021c                PROVIDE (__bss_start, .)
 *(.bss)
 .bss           0x0080021c        0x0 c:/program files/atmel/avr studio 5.0/avr toolchain/bin/../lib/gcc/avr/4.5.1/../../../../avr/lib/avr5/crtm644p.o
 .bss           0x0080021c        0x0 ds18b20.o
 .bss           0x0080021c        0x0 main.o
 .bss           0x0080021c        0x0 c:/program files/atmel/avr studio 5.0/avr toolchain/bin/../lib/gcc/avr/4.5.1/avr5\libgcc.a(_udivmodsi4.o)
 .bss           0x0080021c        0x0 c:/program files/atmel/avr studio 5.0/avr toolchain/bin/../lib/gcc/avr/4.5.1/avr5\libgcc.a(_exit.o)
 .bss           0x0080021c        0x0 c:/program files/atmel/avr studio 5.0/avr toolchain/bin/../lib/gcc/avr/4.5.1/avr5\libgcc.a(_copy_data.o)
 .bss           0x0080021c        0x0 c:/program files/atmel/avr studio 5.0/avr toolchain/bin/../lib/gcc/avr/4.5.1/avr5\libgcc.a(_fixunssfsi.o)
 .bss           0x0080021c        0x0 c:/program files/atmel/avr studio 5.0/avr toolchain/bin/../lib/gcc/avr/4.5.1/avr5\libgcc.a(_addsub_sf.o)
 .bss           0x0080021c        0x0 c:/program files/atmel/avr studio 5.0/avr toolchain/bin/../lib/gcc/avr/4.5.1/avr5\libgcc.a(_mul_sf.o)
 .bss           0x0080021c        0x0 c:/program files/atmel/avr studio 5.0/avr toolchain/bin/../lib/gcc/avr/4.5.1/avr5\libgcc.a(_ge_sf.o)
 .bss           0x0080021c        0x0 c:/program files/atmel/avr studio 5.0/avr toolchain/bin/../lib/gcc/avr/4.5.1/avr5\libgcc.a(_sf_to_si.o)
 .bss           0x0080021c        0x0 c:/program files/atmel/avr studio 5.0/avr toolchain/bin/../lib/gcc/avr/4.5.1/avr5\libgcc.a(_thenan_sf.o)
 .bss           0x0080021c        0x0 c:/program files/atmel/avr studio 5.0/avr toolchain/bin/../lib/gcc/avr/4.5.1/avr5\libgcc.a(_usi_to_sf.o)
 .bss           0x0080021c        0x0 c:/program files/atmel/avr studio 5.0/avr toolchain/bin/../lib/gcc/avr/4.5.1/avr5\libgcc.a(_prologue.o)
 .bss           0x0080021c        0x0 c:/program files/atmel/avr studio 5.0/avr toolchain/bin/../lib/gcc/avr/4.5.1/avr5\libgcc.a(_epilogue.o)
 .bss           0x0080021c        0x0 c:/program files/atmel/avr studio 5.0/avr toolchain/bin/../lib/gcc/avr/4.5.1/avr5\libgcc.a(_clzsi2.o)
 .bss           0x0080021c        0x0 c:/program files/atmel/avr studio 5.0/avr toolchain/bin/../lib/gcc/avr/4.5.1/avr5\libgcc.a(_pack_sf.o)
 .bss           0x0080021c        0x0 c:/program files/atmel/avr studio 5.0/avr toolchain/bin/../lib/gcc/avr/4.5.1/avr5\libgcc.a(_unpack_sf.o)
 .bss           0x0080021c        0x0 c:/program files/atmel/avr studio 5.0/avr toolchain/bin/../lib/gcc/avr/4.5.1/avr5\libgcc.a(_fpcmp_parts_sf.o)
 .bss           0x0080021c        0x0 c:/program files/atmel/avr studio 5.0/avr toolchain/bin/../lib/gcc/avr/4.5.1/avr5\libgcc.a(_clz.o)
 .bss           0x0080021c        0x0 c:/program files/atmel/avr studio 5.0/avr toolchain/bin/../lib/gcc/avr/4.5.1/../../../../avr/lib/avr5\libc.a(iob.o)
 .bss           0x0080021c        0x0 c:/program files/atmel/avr studio 5.0/avr toolchain/bin/../lib/gcc/avr/4.5.1/../../../../avr/lib/avr5\libc.a(printf.o)
 .bss           0x0080021c        0x0 c:/program files/atmel/avr studio 5.0/avr toolchain/bin/../lib/gcc/avr/4.5.1/../../../../avr/lib/avr5\libc.a(vfprintf_std.o)
 .bss           0x0080021c        0x0 c:/program files/atmel/avr studio 5.0/avr toolchain/bin/../lib/gcc/avr/4.5.1/../../../../avr/lib/avr5\libc.a(strnlen_P.o)
 .bss           0x0080021c        0x0 c:/program files/atmel/avr studio 5.0/avr toolchain/bin/../lib/gcc/avr/4.5.1/../../../../avr/lib/avr5\libc.a(strnlen.o)
 .bss           0x0080021c        0x0 c:/program files/atmel/avr studio 5.0/avr toolchain/bin/../lib/gcc/avr/4.5.1/../../../../avr/lib/avr5\libc.a(fputc.o)
 .bss           0x0080021c        0x0 c:/program files/atmel/avr studio 5.0/avr toolchain/bin/../lib/gcc/avr/4.5.1/../../../../avr/lib/avr5\libc.a(ultoa_invert.o)
 .bss           0x0080021c        0x0 c:/program files/atmel/avr studio 5.0/avr toolchain/bin/../lib/gcc/avr/4.5.1/avr5\libgcc.a(_clear_bss.o)
 *(.bss*)
 *(COMMON)
 COMMON         0x0080021c        0x6 c:/program files/atmel/avr studio 5.0/avr toolchain/bin/../lib/gcc/avr/4.5.1/../../../../avr/lib/avr5\libc.a(iob.o)
                0x0080021c                __iob
                0x00800222                PROVIDE (__bss_end, .)
                0x000013b6                __data_load_start = LOADADDR (.data)
                0x000014d2                __data_load_end = (__data_load_start + SIZEOF (.data))

.noinit         0x00800222        0x0
                0x00800222                PROVIDE (__noinit_start, .)
 *(.noinit*)
                0x00800222                PROVIDE (__noinit_end, .)
                0x00800222                _end = .
                0x00800222                PROVIDE (__heap_start, .)

.eeprom         0x00810000        0x0
 *(.eeprom*)
                0x00810000                __eeprom_end = .

.fuse
 *(.fuse)
 *(.lfuse)
 *(.hfuse)
 *(.efuse)

.lock
 *(.lock*)

.signature
 *(.signature*)

.stab           0x00000000      0xc84
 *(.stab)
 .stab          0x00000000      0x6cc c:/program files/atmel/avr studio 5.0/avr toolchain/bin/../lib/gcc/avr/4.5.1/../../../../avr/lib/avr5/crtm644p.o
 .stab          0x000006cc       0x9c c:/program files/atmel/avr studio 5.0/avr toolchain/bin/../lib/gcc/avr/4.5.1/../../../../avr/lib/avr5\libc.a(strnlen_P.o)
                                 0xa8 (size before relaxing)
 .stab          0x00000768       0x9c c:/program files/atmel/avr studio 5.0/avr toolchain/bin/../lib/gcc/avr/4.5.1/../../../../avr/lib/avr5\libc.a(strnlen.o)
                                 0xa8 (size before relaxing)
 .stab          0x00000804      0x480 c:/program files/atmel/avr studio 5.0/avr toolchain/bin/../lib/gcc/avr/4.5.1/../../../../avr/lib/avr5\libc.a(ultoa_invert.o)
                                0x48c (size before relaxing)

.stabstr        0x00000000      0x1b6
 *(.stabstr)
 .stabstr       0x00000000      0x1b6 c:/program files/atmel/avr studio 5.0/avr toolchain/bin/../lib/gcc/avr/4.5.1/../../../../avr/lib/avr5/crtm644p.o

.stab.excl
 *(.stab.excl)

.stab.exclstr
 *(.stab.exclstr)

.stab.index
 *(.stab.index)

.stab.indexstr
 *(.stab.indexstr)

.comment
 *(.comment)

.debug
 *(.debug)

.line
 *(.line)

.debug_srcinfo
 *(.debug_srcinfo)

.debug_sfnames
 *(.debug_sfnames)

.debug_aranges  0x00000000      0x1a0
 *(.debug_aranges)
 .debug_aranges
                0x00000000       0x20 c:/program files/atmel/avr studio 5.0/avr toolchain/bin/../lib/gcc/avr/4.5.1/avr5\libgcc.a(_fixunssfsi.o)
 .debug_aranges
                0x00000020       0x20 c:/program files/atmel/avr studio 5.0/avr toolchain/bin/../lib/gcc/avr/4.5.1/avr5\libgcc.a(_addsub_sf.o)
 .debug_aranges
                0x00000040       0x20 c:/program files/atmel/avr studio 5.0/avr toolchain/bin/../lib/gcc/avr/4.5.1/avr5\libgcc.a(_mul_sf.o)
 .debug_aranges
                0x00000060       0x20 c:/program files/atmel/avr studio 5.0/avr toolchain/bin/../lib/gcc/avr/4.5.1/avr5\libgcc.a(_ge_sf.o)
 .debug_aranges
                0x00000080       0x20 c:/program files/atmel/avr studio 5.0/avr toolchain/bin/../lib/gcc/avr/4.5.1/avr5\libgcc.a(_sf_to_si.o)
 .debug_aranges
                0x000000a0       0x20 c:/program files/atmel/avr studio 5.0/avr toolchain/bin/../lib/gcc/avr/4.5.1/avr5\libgcc.a(_usi_to_sf.o)
 .debug_aranges
                0x000000c0       0x20 c:/program files/atmel/avr studio 5.0/avr toolchain/bin/../lib/gcc/avr/4.5.1/avr5\libgcc.a(_clzsi2.o)
 .debug_aranges
                0x000000e0       0x20 c:/program files/atmel/avr studio 5.0/avr toolchain/bin/../lib/gcc/avr/4.5.1/avr5\libgcc.a(_pack_sf.o)
 .debug_aranges
                0x00000100       0x20 c:/program files/atmel/avr studio 5.0/avr toolchain/bin/../lib/gcc/avr/4.5.1/avr5\libgcc.a(_unpack_sf.o)
 .debug_aranges
                0x00000120       0x20 c:/program files/atmel/avr studio 5.0/avr toolchain/bin/../lib/gcc/avr/4.5.1/avr5\libgcc.a(_fpcmp_parts_sf.o)
 .debug_aranges
                0x00000140       0x20 c:/program files/atmel/avr studio 5.0/avr toolchain/bin/../lib/gcc/avr/4.5.1/../../../../avr/lib/avr5\libc.a(printf.o)
 .debug_aranges
                0x00000160       0x20 c:/program files/atmel/avr studio 5.0/avr toolchain/bin/../lib/gcc/avr/4.5.1/../../../../avr/lib/avr5\libc.a(vfprintf_std.o)
 .debug_aranges
                0x00000180       0x20 c:/program files/atmel/avr studio 5.0/avr toolchain/bin/../lib/gcc/avr/4.5.1/../../../../avr/lib/avr5\libc.a(fputc.o)

.debug_pubnames
                0x00000000      0x20b
 *(.debug_pubnames)
 .debug_pubnames
                0x00000000       0x23 c:/program files/atmel/avr studio 5.0/avr toolchain/bin/../lib/gcc/avr/4.5.1/avr5\libgcc.a(_fixunssfsi.o)
 .debug_pubnames
                0x00000023       0x2c c:/program files/atmel/avr studio 5.0/avr toolchain/bin/../lib/gcc/avr/4.5.1/avr5\libgcc.a(_addsub_sf.o)
 .debug_pubnames
                0x0000004f       0x1f c:/program files/atmel/avr studio 5.0/avr toolchain/bin/../lib/gcc/avr/4.5.1/avr5\libgcc.a(_mul_sf.o)
 .debug_pubnames
                0x0000006e       0x1e c:/program files/atmel/avr studio 5.0/avr toolchain/bin/../lib/gcc/avr/4.5.1/avr5\libgcc.a(_ge_sf.o)
 .debug_pubnames
                0x0000008c       0x20 c:/program files/atmel/avr studio 5.0/avr toolchain/bin/../lib/gcc/avr/4.5.1/avr5\libgcc.a(_sf_to_si.o)
 .debug_pubnames
                0x000000ac       0x22 c:/program files/atmel/avr studio 5.0/avr toolchain/bin/../lib/gcc/avr/4.5.1/avr5\libgcc.a(_thenan_sf.o)
 .debug_pubnames
                0x000000ce       0x24 c:/program files/atmel/avr studio 5.0/avr toolchain/bin/../lib/gcc/avr/4.5.1/avr5\libgcc.a(_usi_to_sf.o)
 .debug_pubnames
                0x000000f2       0x1f c:/program files/atmel/avr studio 5.0/avr toolchain/bin/../lib/gcc/avr/4.5.1/avr5\libgcc.a(_clzsi2.o)
 .debug_pubnames
                0x00000111       0x1f c:/program files/atmel/avr studio 5.0/avr toolchain/bin/../lib/gcc/avr/4.5.1/avr5\libgcc.a(_pack_sf.o)
 .debug_pubnames
                0x00000130       0x21 c:/program files/atmel/avr studio 5.0/avr toolchain/bin/../lib/gcc/avr/4.5.1/avr5\libgcc.a(_unpack_sf.o)
 .debug_pubnames
                0x00000151       0x26 c:/program files/atmel/avr studio 5.0/avr toolchain/bin/../lib/gcc/avr/4.5.1/avr5\libgcc.a(_fpcmp_parts_sf.o)
 .debug_pubnames
                0x00000177       0x20 c:/program files/atmel/avr studio 5.0/avr toolchain/bin/../lib/gcc/avr/4.5.1/avr5\libgcc.a(_clz.o)
 .debug_pubnames
                0x00000197       0x1c c:/program files/atmel/avr studio 5.0/avr toolchain/bin/../lib/gcc/avr/4.5.1/../../../../avr/lib/avr5\libc.a(iob.o)
 .debug_pubnames
                0x000001b3       0x1d c:/program files/atmel/avr studio 5.0/avr toolchain/bin/../lib/gcc/avr/4.5.1/../../../../avr/lib/avr5\libc.a(printf.o)
 .debug_pubnames
                0x000001d0       0x1f c:/program files/atmel/avr studio 5.0/avr toolchain/bin/../lib/gcc/avr/4.5.1/../../../../avr/lib/avr5\libc.a(vfprintf_std.o)
 .debug_pubnames
                0x000001ef       0x1c c:/program files/atmel/avr studio 5.0/avr toolchain/bin/../lib/gcc/avr/4.5.1/../../../../avr/lib/avr5\libc.a(fputc.o)

.debug_info     0x00000000     0x2281
 *(.debug_info)
 .debug_info    0x00000000       0xbd c:/program files/atmel/avr studio 5.0/avr toolchain/bin/../lib/gcc/avr/4.5.1/avr5\libgcc.a(_fixunssfsi.o)
 .debug_info    0x000000bd      0x455 c:/program files/atmel/avr studio 5.0/avr toolchain/bin/../lib/gcc/avr/4.5.1/avr5\libgcc.a(_addsub_sf.o)
 .debug_info    0x00000512      0x3ec c:/program files/atmel/avr studio 5.0/avr toolchain/bin/../lib/gcc/avr/4.5.1/avr5\libgcc.a(_mul_sf.o)
 .debug_info    0x000008fe      0x28a c:/program files/atmel/avr studio 5.0/avr toolchain/bin/../lib/gcc/avr/4.5.1/avr5\libgcc.a(_ge_sf.o)
 .debug_info    0x00000b88      0x2a5 c:/program files/atmel/avr studio 5.0/avr toolchain/bin/../lib/gcc/avr/4.5.1/avr5\libgcc.a(_sf_to_si.o)
 .debug_info    0x00000e2d      0x15e c:/program files/atmel/avr studio 5.0/avr toolchain/bin/../lib/gcc/avr/4.5.1/avr5\libgcc.a(_thenan_sf.o)
 .debug_info    0x00000f8b      0x232 c:/program files/atmel/avr studio 5.0/avr toolchain/bin/../lib/gcc/avr/4.5.1/avr5\libgcc.a(_usi_to_sf.o)
 .debug_info    0x000011bd      0x12c c:/program files/atmel/avr studio 5.0/avr toolchain/bin/../lib/gcc/avr/4.5.1/avr5\libgcc.a(_clzsi2.o)
 .debug_info    0x000012e9      0x2d9 c:/program files/atmel/avr studio 5.0/avr toolchain/bin/../lib/gcc/avr/4.5.1/avr5\libgcc.a(_pack_sf.o)
 .debug_info    0x000015c2      0x25c c:/program files/atmel/avr studio 5.0/avr toolchain/bin/../lib/gcc/avr/4.5.1/avr5\libgcc.a(_unpack_sf.o)
 .debug_info    0x0000181e      0x1f1 c:/program files/atmel/avr studio 5.0/avr toolchain/bin/../lib/gcc/avr/4.5.1/avr5\libgcc.a(_fpcmp_parts_sf.o)
 .debug_info    0x00001a0f       0xa6 c:/program files/atmel/avr studio 5.0/avr toolchain/bin/../lib/gcc/avr/4.5.1/avr5\libgcc.a(_clz.o)
 .debug_info    0x00001ab5      0x14f c:/program files/atmel/avr studio 5.0/avr toolchain/bin/../lib/gcc/avr/4.5.1/../../../../avr/lib/avr5\libc.a(iob.o)
 .debug_info    0x00001c04      0x1c6 c:/program files/atmel/avr studio 5.0/avr toolchain/bin/../lib/gcc/avr/4.5.1/../../../../avr/lib/avr5\libc.a(printf.o)
 .debug_info    0x00001dca      0x350 c:/program files/atmel/avr studio 5.0/avr toolchain/bin/../lib/gcc/avr/4.5.1/../../../../avr/lib/avr5\libc.a(vfprintf_std.o)
 .debug_info    0x0000211a      0x167 c:/program files/atmel/avr studio 5.0/avr toolchain/bin/../lib/gcc/avr/4.5.1/../../../../avr/lib/avr5\libc.a(fputc.o)
 *(.gnu.linkonce.wi.*)

.debug_abbrev   0x00000000     0x11f7
 *(.debug_abbrev)
 .debug_abbrev  0x00000000       0x5d c:/program files/atmel/avr studio 5.0/avr toolchain/bin/../lib/gcc/avr/4.5.1/avr5\libgcc.a(_fixunssfsi.o)
 .debug_abbrev  0x0000005d      0x1af c:/program files/atmel/avr studio 5.0/avr toolchain/bin/../lib/gcc/avr/4.5.1/avr5\libgcc.a(_addsub_sf.o)
 .debug_abbrev  0x0000020c      0x1d9 c:/program files/atmel/avr studio 5.0/avr toolchain/bin/../lib/gcc/avr/4.5.1/avr5\libgcc.a(_mul_sf.o)
 .debug_abbrev  0x000003e5      0x151 c:/program files/atmel/avr studio 5.0/avr toolchain/bin/../lib/gcc/avr/4.5.1/avr5\libgcc.a(_ge_sf.o)
 .debug_abbrev  0x00000536      0x160 c:/program files/atmel/avr studio 5.0/avr toolchain/bin/../lib/gcc/avr/4.5.1/avr5\libgcc.a(_sf_to_si.o)
 .debug_abbrev  0x00000696       0xcb c:/program files/atmel/avr studio 5.0/avr toolchain/bin/../lib/gcc/avr/4.5.1/avr5\libgcc.a(_thenan_sf.o)
 .debug_abbrev  0x00000761      0x173 c:/program files/atmel/avr studio 5.0/avr toolchain/bin/../lib/gcc/avr/4.5.1/avr5\libgcc.a(_usi_to_sf.o)
 .debug_abbrev  0x000008d4       0xce c:/program files/atmel/avr studio 5.0/avr toolchain/bin/../lib/gcc/avr/4.5.1/avr5\libgcc.a(_clzsi2.o)
 .debug_abbrev  0x000009a2      0x185 c:/program files/atmel/avr studio 5.0/avr toolchain/bin/../lib/gcc/avr/4.5.1/avr5\libgcc.a(_pack_sf.o)
 .debug_abbrev  0x00000b27      0x14b c:/program files/atmel/avr studio 5.0/avr toolchain/bin/../lib/gcc/avr/4.5.1/avr5\libgcc.a(_unpack_sf.o)
 .debug_abbrev  0x00000c72      0x10b c:/program files/atmel/avr studio 5.0/avr toolchain/bin/../lib/gcc/avr/4.5.1/avr5\libgcc.a(_fpcmp_parts_sf.o)
 .debug_abbrev  0x00000d7d       0x61 c:/program files/atmel/avr studio 5.0/avr toolchain/bin/../lib/gcc/avr/4.5.1/avr5\libgcc.a(_clz.o)
 .debug_abbrev  0x00000dde       0xc5 c:/program files/atmel/avr studio 5.0/avr toolchain/bin/../lib/gcc/avr/4.5.1/../../../../avr/lib/avr5\libc.a(iob.o)
 .debug_abbrev  0x00000ea3      0x11c c:/program files/atmel/avr studio 5.0/avr toolchain/bin/../lib/gcc/avr/4.5.1/../../../../avr/lib/avr5\libc.a(printf.o)
 .debug_abbrev  0x00000fbf      0x15f c:/program files/atmel/avr studio 5.0/avr toolchain/bin/../lib/gcc/avr/4.5.1/../../../../avr/lib/avr5\libc.a(vfprintf_std.o)
 .debug_abbrev  0x0000111e       0xd9 c:/program files/atmel/avr studio 5.0/avr toolchain/bin/../lib/gcc/avr/4.5.1/../../../../avr/lib/avr5\libc.a(fputc.o)

.debug_line     0x00000000     0x1b07
 *(.debug_line)
 .debug_line    0x00000000       0xc9 c:/program files/atmel/avr studio 5.0/avr toolchain/bin/../lib/gcc/avr/4.5.1/avr5\libgcc.a(_fixunssfsi.o)
 .debug_line    0x000000c9      0x2ee c:/program files/atmel/avr studio 5.0/avr toolchain/bin/../lib/gcc/avr/4.5.1/avr5\libgcc.a(_addsub_sf.o)
 .debug_line    0x000003b7      0x28a c:/program files/atmel/avr studio 5.0/avr toolchain/bin/../lib/gcc/avr/4.5.1/avr5\libgcc.a(_mul_sf.o)
 .debug_line    0x00000641      0x105 c:/program files/atmel/avr studio 5.0/avr toolchain/bin/../lib/gcc/avr/4.5.1/avr5\libgcc.a(_ge_sf.o)
 .debug_line    0x00000746      0x13f c:/program files/atmel/avr studio 5.0/avr toolchain/bin/../lib/gcc/avr/4.5.1/avr5\libgcc.a(_sf_to_si.o)
 .debug_line    0x00000885       0xb2 c:/program files/atmel/avr studio 5.0/avr toolchain/bin/../lib/gcc/avr/4.5.1/avr5\libgcc.a(_thenan_sf.o)
 .debug_line    0x00000937      0x15b c:/program files/atmel/avr studio 5.0/avr toolchain/bin/../lib/gcc/avr/4.5.1/avr5\libgcc.a(_usi_to_sf.o)
 .debug_line    0x00000a92       0xef c:/program files/atmel/avr studio 5.0/avr toolchain/bin/../lib/gcc/avr/4.5.1/avr5\libgcc.a(_clzsi2.o)
 .debug_line    0x00000b81      0x1f5 c:/program files/atmel/avr studio 5.0/avr toolchain/bin/../lib/gcc/avr/4.5.1/avr5\libgcc.a(_pack_sf.o)
 .debug_line    0x00000d76      0x175 c:/program files/atmel/avr studio 5.0/avr toolchain/bin/../lib/gcc/avr/4.5.1/avr5\libgcc.a(_unpack_sf.o)
 .debug_line    0x00000eeb      0x179 c:/program files/atmel/avr studio 5.0/avr toolchain/bin/../lib/gcc/avr/4.5.1/avr5\libgcc.a(_fpcmp_parts_sf.o)
 .debug_line    0x00001064       0x9e c:/program files/atmel/avr studio 5.0/avr toolchain/bin/../lib/gcc/avr/4.5.1/avr5\libgcc.a(_clz.o)
 .debug_line    0x00001102       0xeb c:/program files/atmel/avr studio 5.0/avr toolchain/bin/../lib/gcc/avr/4.5.1/../../../../avr/lib/avr5\libc.a(iob.o)
 .debug_line    0x000011ed      0x186 c:/program files/atmel/avr studio 5.0/avr toolchain/bin/../lib/gcc/avr/4.5.1/../../../../avr/lib/avr5\libc.a(printf.o)
 .debug_line    0x00001373      0x64d c:/program files/atmel/avr studio 5.0/avr toolchain/bin/../lib/gcc/avr/4.5.1/../../../../avr/lib/avr5\libc.a(vfprintf_std.o)
 .debug_line    0x000019c0      0x147 c:/program files/atmel/avr studio 5.0/avr toolchain/bin/../lib/gcc/avr/4.5.1/../../../../avr/lib/avr5\libc.a(fputc.o)

.debug_frame    0x00000000      0x1c0
 *(.debug_frame)
 .debug_frame   0x00000000       0x20 c:/program files/atmel/avr studio 5.0/avr toolchain/bin/../lib/gcc/avr/4.5.1/avr5\libgcc.a(_fixunssfsi.o)
 .debug_frame   0x00000020       0x40 c:/program files/atmel/avr studio 5.0/avr toolchain/bin/../lib/gcc/avr/4.5.1/avr5\libgcc.a(_addsub_sf.o)
 .debug_frame   0x00000060       0x20 c:/program files/atmel/avr studio 5.0/avr toolchain/bin/../lib/gcc/avr/4.5.1/avr5\libgcc.a(_mul_sf.o)
 .debug_frame   0x00000080       0x20 c:/program files/atmel/avr studio 5.0/avr toolchain/bin/../lib/gcc/avr/4.5.1/avr5\libgcc.a(_ge_sf.o)
 .debug_frame   0x000000a0       0x20 c:/program files/atmel/avr studio 5.0/avr toolchain/bin/../lib/gcc/avr/4.5.1/avr5\libgcc.a(_sf_to_si.o)
 .debug_frame   0x000000c0       0x20 c:/program files/atmel/avr studio 5.0/avr toolchain/bin/../lib/gcc/avr/4.5.1/avr5\libgcc.a(_usi_to_sf.o)
 .debug_frame   0x000000e0       0x20 c:/program files/atmel/avr studio 5.0/avr toolchain/bin/../lib/gcc/avr/4.5.1/avr5\libgcc.a(_clzsi2.o)
 .debug_frame   0x00000100       0x20 c:/program files/atmel/avr studio 5.0/avr toolchain/bin/../lib/gcc/avr/4.5.1/avr5\libgcc.a(_pack_sf.o)
 .debug_frame   0x00000120       0x20 c:/program files/atmel/avr studio 5.0/avr toolchain/bin/../lib/gcc/avr/4.5.1/avr5\libgcc.a(_unpack_sf.o)
 .debug_frame   0x00000140       0x20 c:/program files/atmel/avr studio 5.0/avr toolchain/bin/../lib/gcc/avr/4.5.1/avr5\libgcc.a(_fpcmp_parts_sf.o)
 .debug_frame   0x00000160       0x20 c:/program files/atmel/avr studio 5.0/avr toolchain/bin/../lib/gcc/avr/4.5.1/../../../../avr/lib/avr5\libc.a(printf.o)
 .debug_frame   0x00000180       0x20 c:/program files/atmel/avr studio 5.0/avr toolchain/bin/../lib/gcc/avr/4.5.1/../../../../avr/lib/avr5\libc.a(vfprintf_std.o)
 .debug_frame   0x000001a0       0x20 c:/program files/atmel/avr studio 5.0/avr toolchain/bin/../lib/gcc/avr/4.5.1/../../../../avr/lib/avr5\libc.a(fputc.o)

.debug_str      0x00000000      0x502
 *(.debug_str)
 .debug_str     0x00000000      0x116 c:/program files/atmel/avr studio 5.0/avr toolchain/bin/../lib/gcc/avr/4.5.1/avr5\libgcc.a(_fixunssfsi.o)
                                0x15c (size before relaxing)
 .debug_str     0x00000116      0x155 c:/program files/atmel/avr studio 5.0/avr toolchain/bin/../lib/gcc/avr/4.5.1/avr5\libgcc.a(_addsub_sf.o)
                                0x243 (size before relaxing)
 .debug_str     0x0000026b       0x27 c:/program files/atmel/avr studio 5.0/avr toolchain/bin/../lib/gcc/avr/4.5.1/avr5\libgcc.a(_mul_sf.o)
                                0x1fc (size before relaxing)
 .debug_str     0x00000292        0x8 c:/program files/atmel/avr studio 5.0/avr toolchain/bin/../lib/gcc/avr/4.5.1/avr5\libgcc.a(_ge_sf.o)
                                0x1ca (size before relaxing)
 .debug_str     0x0000029a        0xa c:/program files/atmel/avr studio 5.0/avr toolchain/bin/../lib/gcc/avr/4.5.1/avr5\libgcc.a(_sf_to_si.o)
                                0x1d3 (size before relaxing)
 .debug_str     0x00000000      0x175 c:/program files/atmel/avr studio 5.0/avr toolchain/bin/../lib/gcc/avr/4.5.1/avr5\libgcc.a(_thenan_sf.o)
 .debug_str     0x000002a4       0x2a c:/program files/atmel/avr studio 5.0/avr toolchain/bin/../lib/gcc/avr/4.5.1/avr5\libgcc.a(_usi_to_sf.o)
                                0x1b5 (size before relaxing)
 .debug_str     0x000002ce       0x17 c:/program files/atmel/avr studio 5.0/avr toolchain/bin/../lib/gcc/avr/4.5.1/avr5\libgcc.a(_clzsi2.o)
                                0x168 (size before relaxing)
 .debug_str     0x000002e5       0x10 c:/program files/atmel/avr studio 5.0/avr toolchain/bin/../lib/gcc/avr/4.5.1/avr5\libgcc.a(_pack_sf.o)
                                0x1d2 (size before relaxing)
 .debug_str     0x000002f5        0xb c:/program files/atmel/avr studio 5.0/avr toolchain/bin/../lib/gcc/avr/4.5.1/avr5\libgcc.a(_unpack_sf.o)
                                0x1b4 (size before relaxing)
 .debug_str     0x00000300       0x10 c:/program files/atmel/avr studio 5.0/avr toolchain/bin/../lib/gcc/avr/4.5.1/avr5\libgcc.a(_fpcmp_parts_sf.o)
                                0x198 (size before relaxing)
 .debug_str     0x00000000      0x14b c:/program files/atmel/avr studio 5.0/avr toolchain/bin/../lib/gcc/avr/4.5.1/avr5\libgcc.a(_clz.o)
 .debug_str     0x00000310       0x7a c:/program files/atmel/avr studio 5.0/avr toolchain/bin/../lib/gcc/avr/4.5.1/../../../../avr/lib/avr5\libc.a(iob.o)
                                 0xf2 (size before relaxing)
 .debug_str     0x0000038a       0x72 c:/program files/atmel/avr studio 5.0/avr toolchain/bin/../lib/gcc/avr/4.5.1/../../../../avr/lib/avr5\libc.a(printf.o)
                                0x125 (size before relaxing)
 .debug_str     0x000003fc       0xb0 c:/program files/atmel/avr studio 5.0/avr toolchain/bin/../lib/gcc/avr/4.5.1/../../../../avr/lib/avr5\libc.a(vfprintf_std.o)
                                0x177 (size before relaxing)
 .debug_str     0x000004ac       0x56 c:/program files/atmel/avr studio 5.0/avr toolchain/bin/../lib/gcc/avr/4.5.1/../../../../avr/lib/avr5\libc.a(fputc.o)
                                 0xfb (size before relaxing)

.debug_loc      0x00000000     0x1222
 *(.debug_loc)
 .debug_loc     0x00000000       0x34 c:/program files/atmel/avr studio 5.0/avr toolchain/bin/../lib/gcc/avr/4.5.1/avr5\libgcc.a(_fixunssfsi.o)
 .debug_loc     0x00000034      0x31d c:/program files/atmel/avr studio 5.0/avr toolchain/bin/../lib/gcc/avr/4.5.1/avr5\libgcc.a(_addsub_sf.o)
 .debug_loc     0x00000351      0x2a4 c:/program files/atmel/avr studio 5.0/avr toolchain/bin/../lib/gcc/avr/4.5.1/avr5\libgcc.a(_mul_sf.o)
 .debug_loc     0x000005f5       0x48 c:/program files/atmel/avr studio 5.0/avr toolchain/bin/../lib/gcc/avr/4.5.1/avr5\libgcc.a(_ge_sf.o)
 .debug_loc     0x0000063d       0x56 c:/program files/atmel/avr studio 5.0/avr toolchain/bin/../lib/gcc/avr/4.5.1/avr5\libgcc.a(_sf_to_si.o)
 .debug_loc     0x00000693       0x96 c:/program files/atmel/avr studio 5.0/avr toolchain/bin/../lib/gcc/avr/4.5.1/avr5\libgcc.a(_usi_to_sf.o)
 .debug_loc     0x00000729       0xb2 c:/program files/atmel/avr studio 5.0/avr toolchain/bin/../lib/gcc/avr/4.5.1/avr5\libgcc.a(_clzsi2.o)
 .debug_loc     0x000007db      0x1f5 c:/program files/atmel/avr studio 5.0/avr toolchain/bin/../lib/gcc/avr/4.5.1/avr5\libgcc.a(_pack_sf.o)
 .debug_loc     0x000009d0      0x111 c:/program files/atmel/avr studio 5.0/avr toolchain/bin/../lib/gcc/avr/4.5.1/avr5\libgcc.a(_unpack_sf.o)
 .debug_loc     0x00000ae1       0x50 c:/program files/atmel/avr studio 5.0/avr toolchain/bin/../lib/gcc/avr/4.5.1/avr5\libgcc.a(_fpcmp_parts_sf.o)
 .debug_loc     0x00000b31      0x6a1 c:/program files/atmel/avr studio 5.0/avr toolchain/bin/../lib/gcc/avr/4.5.1/../../../../avr/lib/avr5\libc.a(vfprintf_std.o)
 .debug_loc     0x000011d2       0x50 c:/program files/atmel/avr studio 5.0/avr toolchain/bin/../lib/gcc/avr/4.5.1/../../../../avr/lib/avr5\libc.a(fputc.o)

.debug_macinfo
 *(.debug_macinfo)
OUTPUT(ds18b20.elf elf32-avr)
LOAD linker stubs

.debug_pubtypes
                0x00000000      0x5ee
 .debug_pubtypes
                0x00000000       0x34 c:/program files/atmel/avr studio 5.0/avr toolchain/bin/../lib/gcc/avr/4.5.1/avr5\libgcc.a(_fixunssfsi.o)
 .debug_pubtypes
                0x00000034       0x9d c:/program files/atmel/avr studio 5.0/avr toolchain/bin/../lib/gcc/avr/4.5.1/avr5\libgcc.a(_addsub_sf.o)
 .debug_pubtypes
                0x000000d1       0x86 c:/program files/atmel/avr studio 5.0/avr toolchain/bin/../lib/gcc/avr/4.5.1/avr5\libgcc.a(_mul_sf.o)
 .debug_pubtypes
                0x00000157       0x91 c:/program files/atmel/avr studio 5.0/avr toolchain/bin/../lib/gcc/avr/4.5.1/avr5\libgcc.a(_ge_sf.o)
 .debug_pubtypes
                0x000001e8       0x91 c:/program files/atmel/avr studio 5.0/avr toolchain/bin/../lib/gcc/avr/4.5.1/avr5\libgcc.a(_sf_to_si.o)
 .debug_pubtypes
                0x00000279       0x5b c:/program files/atmel/avr studio 5.0/avr toolchain/bin/../lib/gcc/avr/4.5.1/avr5\libgcc.a(_thenan_sf.o)
 .debug_pubtypes
                0x000002d4       0x73 c:/program files/atmel/avr studio 5.0/avr toolchain/bin/../lib/gcc/avr/4.5.1/avr5\libgcc.a(_usi_to_sf.o)
 .debug_pubtypes
                0x00000347       0x35 c:/program files/atmel/avr studio 5.0/avr toolchain/bin/../lib/gcc/avr/4.5.1/avr5\libgcc.a(_clzsi2.o)
 .debug_pubtypes
                0x0000037c       0x86 c:/program files/atmel/avr studio 5.0/avr toolchain/bin/../lib/gcc/avr/4.5.1/avr5\libgcc.a(_pack_sf.o)
 .debug_pubtypes
                0x00000402       0x86 c:/program files/atmel/avr studio 5.0/avr toolchain/bin/../lib/gcc/avr/4.5.1/avr5\libgcc.a(_unpack_sf.o)
 .debug_pubtypes
                0x00000488       0x5b c:/program files/atmel/avr studio 5.0/avr toolchain/bin/../lib/gcc/avr/4.5.1/avr5\libgcc.a(_fpcmp_parts_sf.o)
 .debug_pubtypes
                0x000004e3       0x1e c:/program files/atmel/avr studio 5.0/avr toolchain/bin/../lib/gcc/avr/4.5.1/avr5\libgcc.a(_clz.o)
 .debug_pubtypes
                0x00000501       0x29 c:/program files/atmel/avr studio 5.0/avr toolchain/bin/../lib/gcc/avr/4.5.1/../../../../avr/lib/avr5\libc.a(iob.o)
 .debug_pubtypes
                0x0000052a       0x48 c:/program files/atmel/avr studio 5.0/avr toolchain/bin/../lib/gcc/avr/4.5.1/../../../../avr/lib/avr5\libc.a(printf.o)
 .debug_pubtypes
                0x00000572       0x53 c:/program files/atmel/avr studio 5.0/avr toolchain/bin/../lib/gcc/avr/4.5.1/../../../../avr/lib/avr5\libc.a(vfprintf_std.o)
 .debug_pubtypes
                0x000005c5       0x29 c:/program files/atmel/avr studio 5.0/avr toolchain/bin/../lib/gcc/avr/4.5.1/../../../../avr/lib/avr5\libc.a(fputc.o)

.debug_ranges   0x00000000       0x78
 .debug_ranges  0x00000000       0x30 c:/program files/atmel/avr studio 5.0/avr toolchain/bin/../lib/gcc/avr/4.5.1/avr5\libgcc.a(_mul_sf.o)
 .debug_ranges  0x00000030       0x10 c:/program files/atmel/avr studio 5.0/avr toolchain/bin/../lib/gcc/avr/4.5.1/../../../../avr/lib/avr5\libc.a(printf.o)
 .debug_ranges  0x00000040       0x28 c:/program files/atmel/avr studio 5.0/avr toolchain/bin/../lib/gcc/avr/4.5.1/../../../../avr/lib/avr5\libc.a(vfprintf_std.o)
 .debug_ranges  0x00000068       0x10 c:/program files/atmel/avr studio 5.0/avr toolchain/bin/../lib/gcc/avr/4.5.1/../../../../avr/lib/avr5\libc.a(fputc.o)
